23.6038 	ERROR 	Median frames per second =59.9 BUT program assumes 100.0which is off by more than 3%
23.6039 	INFO 	longFrameLimit=12.7 Recording trials where one or more interframe interval exceeded this figure 
23.6040 	ERROR 	Instead of desired resolution of 800x600 pixels, screen apparently 1600x1200
23.6040 	INFO 	computer platform=darwin
23.6040 	INFO 	File that generated this = sys.argv[0]= /Users/bryanwong/Documents/GitHub/Honours-project/MOT_Varying_speed
23.6040 	INFO 	has_retina_scrn=True
23.8107 	INFO 	Using renderer 'Apple M2' for graphics
23.8108 	INFO 	OpenGL version supported by driver is 2..
25.7988 	WARNING 	Instead of desired resolution of 800x600 pixels, screen is apparently 1600x1200 will base calculations off that.
25.7989 	INFO 	Screen resolution, which is also being used for calculations, is 1600 by 1200
27.8560 	INFO 	Successfully set darwin thread to realtime
28.9599 	INFO 	second window opening runInfo mean ms=16.66746043868489
28.9600 	INFO 	#[ PsychoPy3 RuntimeInfoStart ]
  #[[ PsychoPy ]] #---------
    psychopyVersion: 2026.1.2
    psychopyHaveExtRush: True
  #[[ Experiment ]] #---------
    experimentAuthVersion: None
    experimentAuthor: None
    experimentRunTime: 2026_05_05 15:52 (Year_Month_Day Hour:Min)
    experimentRunTime.epoch: 1777960321
    experimentScript: MOT_Varying_speed
    experimentScript.digestSHA1: 0bea264b66b454063caba9b534f89d84fee9c67d
    experimentScript.directory: /Users/bryanwong/Documents/GitHub/Honours-project
  #[[ System ]] #---------
    systemHaveInternetAccess: True
    systemHostName: Bryans-MacBook-Air.local
    systemLocale: en_US.UTF-8
    systemMemFreeRAM: 210.421875
    systemMemTotalRAM: 8192.0
    systemPlatform: darwin 26.3.1 x86_64
    systemRavailable: R version 4.5.1 (2025-06-13) -- Great Square Root
    systemRebooted: Apr 7 10:54
    systemSec.OpenSSLVersion: LibreSSL 3.3.6
    systemSec.pythonSSL: True
    systemTimeNumpySD1000000_sec: 0.0076
    systemUser: bryanwong
    systemUserID: 501
    systemUserProcCmdPid: findmylocateagent applespell assetcache iouserbluetooths liveactivitiesd vtdecoderxpcservice 'microsoft powerpoint' donotdisturbd systemstats chronod ovpnagent icdd timed crashreportersup xprotectbridgese safariwidgetextension fairplayd python3.10 spotlight com.apple.safari.safebrowsing.service bluetoothd windowserver automountd appleeventsd runningboardd rapportd usbmuxd statuskitagent powerexperienced updater symptomsd remoted contentlinkingd logd_helper finder mediaremoted filecoordination ospredictiond autoupdate networkserviceproxy rtcreportingd fseventsd coreservicesuiagent online-auth-agen spotify netbiosd lockoutagent qlpreviewgenerationextension corerepaird calendarwidgetextension akd corespeechd sysmond audiomxd csnameddatad imautomatichistorydeletionagent inboxupdaterd biomeagent corespeechd_syst airplayuiagent configd axassetsd backupd-helper hostinferencepro sharingd sidecarrelay pah_extension accountsd pboard universalaccessauthwarn notifyd powerpointwidget_mac usernotificationsd installcoordinat kerneleventagent wallpaperimageextension ecosystemanalyti mdnsresponderhel dock adid ecosystemd code modelmanagerd photosrelivewidget sirisuggestionsbookkeepingservice intelligenceplatformcomputeservice hidd assetcachetether gameoverlayui apfsd textinputmenuagent intelligenceflowd biometrickitd com.apple.cmio.v systemstatusd universalcontrol audioclocksyncd secd tccd findmydevice-user-agent suggestd assetcachelocatorservice coreaudiod accessibilityuiserver iomfb_bics_daemo com.apple.driver appstorecomponentsd sandboxd com.apple.safariplatformsupport.helper socketfilterfw fileproviderd siriactionsd apppredictionintentshelperservice 'microsoft word' locationd airportd feedbackd ampdevicediscoveryagent managedappdistributionagent xprotectd loginwindow com.apple.hiservices-xpcservice securityd_system distnoted passd tcim_extension perfpowerservice universalaccessd uvcassistant avconferenced peopled uikitsystem com.apple.appleu wifianalyticsd biomed linkd ctkahp btleserveragent 'keychain circle notification' autofsd continuitycaptureagent controlcenterhelper assetsubscriptio 'code helper (renderer)' imagent coreservicesd diagnostics_agent proactived applecredentialm corespotlightd mdbulkimport triald nehelper managedsettingsagent ps containermanagerd triald_system cmfsyncagent ipcserver wirelessradioman cvmserver wallpaperlegacyextension routined notificationcenter iconservicesagent mds_stores businessservicesd zsh siriinferenced coreduetd com.apple.codesi kernel_task corebrightnessd analyticsd chrome_crashpad_handler mbuseragent syncdefaultsd fskitd amfid containermanager spotlightknowledged quicklookuiservice 'github desktop helper' wifip2pd gamecontrolleragentd 'code helper (plugin)' 'microsoft outlook' syspolicyd cloudtelemetryse pkd identityservicesd whatsapp com.apple.cmio.r eligibilityd pet wifivelocityd findmydeviced btleserver com.apple.clouddocs.iclouddrivefileprovider printcenterwidgetextension.macos contextstoreagent replicatord storagekitd wallpaperaerialsextension mediaremoteagent nsurlsessiond diskimagesiod assistantd ovpnhelper gamepolicyd passwordbreachagent coreauthd system_installd usermanagerd ctkd apsd logd duetexpertd nearbyd corelocationagent trialarchivingservice kernelmanagerd screentimeagent revisiond launchd airplayxpchelper searchpartyd windowmanager controlcenter thermalmonitord 'google chrome helper (renderer)' oahd gamepolicyagent serviceextension eapolclient unrealeditorservices cameracaptured assessmentagent 'code helper (gpu)' paperkitextension com.apple.audio. submitdiaginfo coreautha secinitd calendar callservicesd appleh13camerad widgetter usernoted com.apple.geod bird deleted systemuiserver suhelperd cursoruiviewservice mdworker_shared neagent imklaunchagent 'github desktop' gamecontrollerd inputanalyticsd logind shortcutsviewservice syslogd usagetrackingagent 'google chrome helper' diskunmountwatcher pluginlibraryser trustdfilehelper taskgated notes osanalyticshelpe mobileassetd containermetadataextractor cloudtelemetryservice findmybeaconingd usereventagent dasd watchdogd com.apple.appkit.xpc.openandsavepanelservice intelligentroutingd contextstored mdnsresponder storeuid fontd wifiagent mds 'google chrome' audioaccessoryd excelwidget_mac sharedfilelistd homed opendirectoryd mobileactivation wordwidget_mac weatherwidget managedappdistri cfprefsd useractivityd installd commerce backupd familycircled messagesblastdoorservice windowmanagercontrolsextension contactsd replayd powerchime pluginlibraryservice 'spotify helper' cloudd softwareupdated com.apple.quicklook.thumbnailsagent 'spotify helper (renderer)' securityd extensionkitservice com.apple.webkit.networking lsd groupsessionservice powerd trustd diskarbitrationd linkednotesuiservice searchpartyuseragent 'code helper' commcenter textinputswitcher viewbridgeauxiliary iconservicesd deleted_helper knowledge-agent com.apple.ambien mdwrite usernotificationcenter 'github desktop helper (renderer)' heard fontworker geodmachservicebridge authd com.apple.dock.extra wallpaperagent talagentd audioanalyticsd launchservicesd
    systemUserProcCount: 432
    systemUserProcFlagged: 'Google Chrome' mdworker_shared mds mds_stores 'Google Chrome Helper (Renderer)' SafariWidgetExtension 'Google Chrome Helper'
    systemUsersCount: 1
  #[[ Window ]] #---------
    windowWinType: pyglet
    windowWaitBlanking: False
    windowUseNativeGamma: True
    windowUnits: deg
    windowSize_pix: [1600 1200]
    windowScreen: 0
    windowRgb: [-1 -1 -1]
    windowRefreshTimeSD_ms: 0.066
    windowRefreshTimeMedian_ms: 16.663
    windowRefreshTimeAvg_ms: 16.667
    windowRefreshThreshold_sec: 0.0200
    windowRecordFrameIntervals: False
    windowPos_pix: (335, 178)
    windowMonitor.name: testMonitor
    windowMonitor.getWidth_cm: 38.0
    windowMonitor.getLinearizeMethod: 1
    windowMonitor.getGammaGrid: [[ 0.  1.  1. nan nan nan]
 [ 0.  1.  1. nan nan nan]
 [ 0.  1.  1. nan nan nan]
 [ 0.  1.  1. nan nan nan]]
    windowMonitor.getDistance_cm: 57.0
    windowMonitor.gammaInterpolator2: None
    windowMonitor.gammaInterpolator: None
    windowMonitor.currentCalibName: 2026_03_13 11:10
    windowIsFullScr: False
    windowHaveShaders: True
    windowAllowGUI: False
  #[[ Python ]] #---------
    pythonWxVersion: 4.2.5 osx-cocoa (phoenix) wxWidgets 3.2.9
    pythonVersion: 3.10.18
    pythonScipyVersion: 1.14.1
    pythonPygletVersion: 1.5.27
    pythonPygameVersion: (no pygame)
    pythonNumpyVersion: 2.2.6
    pythonMatplotlibVersion: 3.10.8
    pythonFullVersion: 3.10.18 (main, Jun  5 2025, 08:13:51) [Clang 14.0.6 ]
    pythonExecutable: /opt/miniconda3/envs/psychopy_x86/bin/python
  #[[ OpenGL ]] #---------
    openGLmaxVerticesInVertexArray: 1048575
    False: openGLext.GL_STEREO
    True: openGLext.GL_EXT_framebuffer_object
    True: openGLext.GL_ARB_vertex_shader
    True: openGLext.GL_ARB_texture_non_power_of_two
    True: openGLext.GL_ARB_texture_float
    True: openGLext.GL_ARB_shader_objects
    True: openGLext.GL_ARB_multitexture
    True: openGLext.GL_ARB_fragment_program
    openGLVersion: 2.1 Metal - 90.5
    openGLVendor: Apple
    openGLRenderingEngine: Apple M2
#[ PsychoPy3 RuntimeInfoEnd ]

28.9656 	INFO 	gammaGrid=[[ 0.  1.  1. nan nan nan]
 [ 0.  1.  1. nan nan nan]
 [ 0.  1.  1. nan nan nan]
 [ 0.  1.  1. nan nan nan]]
28.9657 	INFO 	linearizeMethod=1
29.3260 	INFO 	Loaded psychtoolbox audio version 3.0.19.696976787
29.6263 	WARNING 	No default speaker specified in Preferences / Hardware, using first speaker found: MacBook Air Speakers
30.8192 	INFO 	Created stream for speaker device: MacBook Air Speakers (2.0)
30.8508 	EXP 	: sampleRate = 44100
30.8510 	EXP 	: channels = None
30.8697 	INFO 	Resampled audio from 44100Hz to 48000Hz using method 'default'.
30.8852 	WARNING 	No default speaker specified in Preferences / Hardware, using first speaker found: MacBook Air Speakers
30.8927 	INFO 	Created stream for speaker device: MacBook Air Speakers (2.0)
30.9556 	EXP 	: sampleRate = 48000
30.9556 	EXP 	: channels = None
30.9635 	WARNING 	No default speaker specified in Preferences / Hardware, using first speaker found: MacBook Air Speakers
30.9683 	INFO 	Created stream for speaker device: MacBook Air Speakers (2.0)
31.0330 	EXP 	: sampleRate = 48000
31.0331 	EXP 	: channels = None
31.0520 	WARNING 	No default speaker specified in Preferences / Hardware, using first speaker found: MacBook Air Speakers
31.0618 	INFO 	Created stream for speaker device: MacBook Air Speakers (2.0)
31.1222 	EXP 	: sampleRate = 48000
31.1223 	EXP 	: channels = None
31.1511 	WARNING 	No default speaker specified in Preferences / Hardware, using first speaker found: MacBook Air Speakers
31.1759 	INFO 	Created stream for speaker device: MacBook Air Speakers (2.0)
31.2245 	EXP 	: sampleRate = 48000
31.2247 	EXP 	: channels = None
31.2656 	EXP 	Created sequence: sequential, trialTypes=3, nReps=1, seed=None
31.6186 	INFO 	starting exp with name: "TemporalFrequencyLimit" at 05May2026_15-52
31.6187 	INFO 	numtrials=3, trialDurMin= 2 trackVariableIntervMax= 2.5refreshRate=100.0
31.6188 	INFO 	cueRampUpDur=0 cueRampDownDur= 0 secs
31.6188 	INFO 	task=track   respType=order
31.6220 	INFO 	ring radii=[6.]
31.6220 	INFO 	drawingAsGrating=False gratingTexPix=1024 antialiasGrating=False
trialnum=0 ERROR,228 frames were longer than 12.7 ms apparently screen refreshes skipped, interframe durs were:[14.4 16.6 17.1 16.2 16.8 17.5 15.6 17.2 16.2 17.  17.5 15.7 17.2 16.8
 18.3 16.6 14.5 17.1 16.  16.7 16.8 16.5 17.3 16.5 16.3 17.  16.9 16.9
 16.4 16.  17.1 16.5 16.4 17.1 16.6 18.1 15.3 18.1 15.  16.9 16.4 16.5
 16.8 16.6 17.3 16.7 15.9 16.7 17.  16.4 17.1 16.3 17.  16.2 16.8 17.3
 16.  17.3 16.5 16.8 22.7 16.3 17.1 24.2 15.7 16.7 16.4 17.4 16.2 16.6
 16.4 16.7 16.6 17.  16.3 16.8 16.5 16.7 16.7 16.7 16.7 19.  16.4 14.5
 16.7 16.7 16.6 16.7 16.7 16.7 16.6 17.1 16.2 17.3 16.  16.7 16.6 16.7
 16.6 16.8 16.6 16.6 16.7 17.1 16.3 23.1 13.6 14.9 15.1 16.6 16.7 16.7
 16.6 16.7 16.7 16.7 16.6 16.7 16.6 16.8 16.6 16.7 16.7 16.7 17.1 16.3
 16.6 16.7 17.2 16.1 16.6 16.7 16.7 16.6 17.  16.3 16.9 16.4 16.7 17.1
 16.3 16.6 16.7 16.7 16.6 16.8 16.7 16.7 16.5 16.7 16.6 16.7 16.6 17.1
 16.8 16.5 16.3 16.6 22.  15.9 16.6 16.7 16.9 16.4 16.8 16.5 16.7 16.7
 17.  20.  14.1 15.5 16.7 16.8 17.3 15.9 16.7 16.7 16.8 16.5 16.6 16.7
 16.7 16.7 16.7 16.6 16.7 16.6 16.7 16.6 16.8 17.  16.4 16.9 16.5 16.6
 16.9 16.8 16.4 18.3 15.  16.6 16.6 17.2 16.5 16.3 16.6 16.8 16.6 16.6
 16.7 16.7 16.6 16.7 16.6 16.7 16.6 16.7 16.6 16.7 16.7 16.9 16.4 16.7
 16.7 16.6 16.7 16.7] and was these frames: [  0   1   2   3   4   5   6   7   8   9  10  11  12  13  14  15  16  17
  18  19  20  21  22  23  24  25  26  27  28  29  30  31  32  33  34  35
  36  37  38  39  40  41  42  43  44  45  46  47  48  49  50  51  52  53
  54  55  56  57  58  59  60  62  63  64  66  67  68  69  70  71  72  73
  74  75  76  77  78  79  80  81  82  83  84  85  86  87  88  89  90  91
  92  93  94  95  96  97  98  99 100 101 102 103 104 105 106 107 108 109
 110 111 112 113 114 115 116 117 118 119 120 121 122 123 124 125 126 127
 128 129 130 131 132 133 134 135 136 137 138 139 140 141 142 143 144 145
 146 147 148 149 150 151 152 153 154 155 156 157 158 159 160 162 163 164
 165 166 167 168 169 170 171 172 173 174 175 176 177 178 179 180 181 182
 183 184 185 186 187 188 189 190 191 192 193 194 195 196 197 198 199 200
 201 202 203 204 205 206 207 208 209 210 211 212 213 214 215 216 217 218
 219 220 221 222 223 224 225 226 227 228 229 230]
31.6370 	EXP 	New trial (rep=0, index=0): {'basicShape': 'circle', 'numObjectsInRing': 2, 'speed': 0.1, 'initialDirRing0': -1, 'numTargets': 1, 'whichIsTargetEachRing': array([-999.]), 'ringToQuery': 999, 'conditionLabel': 'center', 'trajectoryCenterXDeg': 0.0, 'trajectoryCenterYDeg': 0.0}
45.6335 	WARNING 	No default speaker specified in Preferences / Hardware, using first speaker found: MacBook Air Speakers
45.7405 	INFO 	Created stream for speaker device: MacBook Air Speakers (2.0)
45.7928 	EXP 	: sampleRate = 48000
45.7930 	EXP 	: channels = None
49.6646 	DATA 	Mouse: Left button down, pos=(426,179)
49.6649 	DATA 	Mouse:  Left button up, pos=(426,179)
49.6650 	DATA 	Mouse: Left button down, pos=(426,179)
trialnum=1 ERROR,214 frames were longer than 12.7 ms apparently screen refreshes skipped, interframe durs were:[16.6 17.2 16.2 16.8 16.6 17.  16.3 17.2 16.2 16.7 16.7 16.7 16.7 16.5
 16.8 16.6 16.6 16.6 16.7 16.7 16.6 16.7 16.8 16.8 16.6 16.6 16.6 16.6
 16.6 16.6 16.7 16.6 16.7 16.7 16.7 16.6 16.6 16.7 16.6 16.6 16.7 16.7
 16.7 16.7 16.7 16.6 16.7 16.7 16.6 16.7 16.7 16.6 16.7 16.7 16.7 16.7
 16.6 16.7 16.7 16.7 16.6 16.7 16.6 16.6 16.7 16.7 16.7 16.6 17.  16.4
 16.6 16.7 17.1 16.2 16.6 16.7 16.7 16.8 16.5 16.7 16.6 16.7 16.7 16.7
 16.7 16.6 16.8 16.7 16.7 16.6 16.7 16.7 16.6 16.7 16.7 16.6 16.7 17.
 16.4 16.6 16.7 16.7 16.7 16.6 16.7 16.6 16.7 16.8 16.6 16.7 16.6 16.8
 16.6 16.7 16.6 16.7 16.7 16.6 16.8 16.6 16.6 16.6 16.6 16.8 16.8 17.2
 17.1 15.7 16.6 16.6 16.6 16.6 16.7 16.7 16.6 16.7 16.6 16.7 16.7 16.6
 16.7 16.7 16.7 16.7 16.6 16.7 16.7 16.7 16.6 16.7 16.7 16.7 16.6 16.7
 16.7 16.6 16.7 16.7 16.6 16.7 16.7 16.7 16.7 16.7 16.7 16.6 16.7 16.6
 16.6 16.6 16.7 16.6 16.7 16.7 16.6 16.7 16.7 16.6 16.7 16.7 16.6 16.7
 16.7 16.7 16.6 16.7 16.6 16.7 16.7 16.7 16.6 16.7 16.7 16.7 16.7 16.7
 16.7 16.7 16.6 16.7 16.7 16.7 16.6 16.6 16.7 16.7 16.7 16.7 16.7 16.7
 16.6 16.7 16.7 16.7] and was these frames: [  0   1   2   3   4   5   6   7   8   9  10  11  12  13  14  15  16  17
  18  19  20  21  22  23  24  25  26  27  28  29  30  31  32  33  34  35
  36  37  38  39  40  41  42  43  44  45  46  47  48  49  50  51  52  53
  54  55  56  57  58  59  60  61  62  63  64  65  66  67  68  69  70  71
  72  73  74  75  76  77  78  79  80  81  82  83  84  85  86  87  88  89
  90  91  92  93  94  95  96  97  98  99 100 101 102 103 104 105 106 107
 108 109 110 111 112 113 114 115 116 117 118 119 120 121 122 123 124 125
 126 127 128 129 130 131 132 133 134 135 136 137 138 139 140 141 142 143
 144 145 146 147 148 149 150 151 152 153 154 155 156 157 158 159 160 161
 162 163 164 165 166 167 168 169 170 171 172 173 174 175 176 177 178 179
 180 181 182 183 184 185 186 187 188 189 190 191 192 193 194 195 196 197
 198 199 200 201 202 203 204 205 206 207 208 209 210 211 212 213]
49.8217 	DATA 	Mouse:  Left button up, pos=(426,179)
51.1060 	EXP 	New trial (rep=0, index=1): {'basicShape': 'circle', 'numObjectsInRing': 2, 'speed': 0.1, 'initialDirRing0': 1, 'numTargets': 1, 'whichIsTargetEachRing': array([-999.]), 'ringToQuery': 999, 'conditionLabel': 'near', 'trajectoryCenterXDeg': 5.0, 'trajectoryCenterYDeg': 0.0}
65.8315 	WARNING 	No default speaker specified in Preferences / Hardware, using first speaker found: MacBook Air Speakers
65.8991 	INFO 	Created stream for speaker device: MacBook Air Speakers (2.0)
65.9588 	EXP 	: sampleRate = 48000
65.9588 	EXP 	: channels = None
70.6238 	DATA 	Mouse: Left button down, pos=(382,288)
70.6239 	DATA 	Mouse:  Left button up, pos=(382,288)
70.6241 	DATA 	Mouse: Left button down, pos=(382,288)
trialnum=2 ERROR,323 frames were longer than 12.7 ms apparently screen refreshes skipped, interframe durs were:[16.6 20.5 13.3 16.2 16.7 16.6 16.7 16.6 16.7 16.7 16.7 16.8 16.6 16.6
 16.7 16.6 16.7 16.7 16.6 16.8 16.5 16.7 17.3 16.1 16.6 16.7 16.7 16.7
 16.6 16.7 16.7 16.7 16.7 16.7 16.6 16.7 16.7 16.7 16.6 16.7 16.7 16.7
 16.7 16.6 16.8 16.7 16.6 16.7 16.7 16.7 16.8 16.7 16.5 16.6 16.7 16.6
 16.7 16.7 16.7 16.7 16.6 16.7 16.7 16.7 16.7 16.6 16.6 16.7 16.6 16.7
 16.6 16.7 16.7 16.6 16.7 16.7 16.7 16.8 16.6 16.7 16.7 16.6 16.6 16.7
 16.7 16.7 16.7 16.7 19.2 14.1 16.7 16.7 16.7 16.7 16.7 17.4 15.9 16.7
 16.6 16.7 16.7 16.7 16.6 16.7 16.7 16.7 16.7 16.7 16.7 16.6 16.6 16.7
 16.6 16.7 16.7 16.7 16.7 16.7 16.6 16.7 16.6 16.7 16.7 16.6 16.7 16.7
 16.7 16.7 16.6 16.6 16.7 16.7 16.6 16.7 16.7 16.7 16.7 16.7 16.6 16.7
 16.6 16.7 16.7 16.7 16.7 16.6 16.6 16.7 16.6 16.7 16.7 16.6 16.7 16.7
 16.7 16.6 16.8 16.6 16.6 16.7 16.7 16.7 16.7 16.7 16.6 16.6 16.7 16.6
 16.7 16.6 16.6 16.7 16.7 16.7 16.7 16.7 16.7 16.6 16.7 16.7 16.7 16.7
 16.6 16.7 16.7 16.7 16.7 16.7 16.7 16.6 16.7 16.6 16.7 16.7 16.7 16.6
 16.7 16.7 16.6 16.7 16.7 16.7 16.7 16.7 16.7 16.7 16.7 16.6 16.7 16.7
 16.7 16.7 16.6 16.7 16.6 16.7 16.7 16.7 16.7 16.6 16.7 16.7 16.7 16.6
 16.7 16.7 16.7 16.7 16.6 16.7 16.7 16.7 16.7 16.7 16.7 16.6 16.7 16.7
 16.7 16.7 16.7 16.7 16.7 16.7 16.6 16.7 16.7 16.6 16.7 16.7 16.7 16.7
 16.7 16.7 16.7 16.7 16.6 16.7 16.7 16.6 16.7 16.7 16.6 16.7 16.7 16.6
 16.7 16.7 16.7 16.7 16.7 16.6 16.7 16.7 16.7 16.7 16.6 16.7 16.7 16.7
 16.6 16.7 16.7 16.7 16.7 16.7 16.6 16.7 16.7 16.7 16.6 16.7 16.6 16.7
 16.7 16.6 16.7 16.8 16.6 16.7 18.6 17.2 14.6 16.3 16.6 16.6 16.7 16.7
 16.7 16.7 16.7 16.6 16.7 16.6 16.7 16.7 16.6 16.7 16.7 16.7 16.6 16.7
 16.7] and was these frames: [  0   1   2   3   4   5   6   7   8   9  10  11  12  13  14  15  16  17
  18  19  20  21  22  23  24  25  26  27  28  29  30  31  32  33  34  35
  36  37  38  39  40  41  42  43  44  45  46  47  48  49  50  51  52  53
  54  55  56  57  58  59  60  61  62  63  64  65  66  67  68  69  70  71
  72  73  74  75  76  77  78  79  80  81  82  83  84  85  86  87  88  89
  90  91  92  93  94  95  96  97  98  99 100 101 102 103 104 105 106 107
 108 109 110 111 112 113 114 115 116 117 118 119 120 121 122 123 124 125
 126 127 128 129 130 131 132 133 134 135 136 137 138 139 140 141 142 143
 144 145 146 147 148 149 150 151 152 153 154 155 156 157 158 159 160 161
 162 163 164 165 166 167 168 169 170 171 172 173 174 175 176 177 178 179
 180 181 182 183 184 185 186 187 188 189 190 191 192 193 194 195 196 197
 198 199 200 201 202 203 204 205 206 207 208 209 210 211 212 213 214 215
 216 217 218 219 220 221 222 223 224 225 226 227 228 229 230 231 232 233
 234 235 236 237 238 239 240 241 242 243 244 245 246 247 248 249 250 251
 252 253 254 255 256 257 258 259 260 261 262 263 264 265 266 267 268 269
 270 271 272 273 274 275 276 277 278 279 280 281 282 283 284 285 286 287
 288 289 290 291 292 293 294 295 296 297 298 299 300 301 302 303 304 305
 306 307 308 309 310 311 312 313 314 315 316 317 318 319 320 321 322]
71.0204 	DATA 	Mouse:  Left button up, pos=(381,288)
71.9567 	EXP 	New trial (rep=0, index=2): {'basicShape': 'circle', 'numObjectsInRing': 2, 'speed': 0.1, 'initialDirRing0': -1, 'numTargets': 1, 'whichIsTargetEachRing': array([-999.]), 'ringToQuery': 999, 'conditionLabel': 'far', 'trajectoryCenterXDeg': 10.0, 'trajectoryCenterYDeg': 0.0}
76.9563 	ERROR 	Error in handleLineEditChange: inputFieldName=speed:, type=<class 'float'>, value=, error=could not convert string to float: ''
88.8897 	WARNING 	No default speaker specified in Preferences / Hardware, using first speaker found: MacBook Air Speakers
88.9687 	INFO 	Created stream for speaker device: MacBook Air Speakers (2.0)
89.0173 	EXP 	: sampleRate = 48000
89.0176 	EXP 	: channels = None
97.7643 	DATA 	Mouse: Left button down, pos=(495,243)
97.7645 	DATA 	Mouse:  Left button up, pos=(495,243)
97.7652 	DATA 	Mouse: Left button down, pos=(495,243)
97.9075 	DATA 	Mouse:  Left button up, pos=(495,243)
99.2534 	INFO 	Finishing now, at 05May2026_15-52
99.2637 	INFO 	Didnt try to eyetrack because "eyetracking" was set to False
