32.4898 	ERROR 	Median frames per second =60.0 BUT program assumes 100.0which is off by more than 3%
32.4905 	INFO 	longFrameLimit=12.7 Recording trials where one or more interframe interval exceeded this figure 
32.4907 	ERROR 	Instead of desired resolution of 800x600 pixels, screen apparently 1600x1200
32.4908 	INFO 	computer platform=darwin
32.4908 	INFO 	File that generated this = sys.argv[0]= /Users/bryanwong/Documents/GitHub/Honours-project/MOT_Varying_speed
32.4908 	INFO 	has_retina_scrn=True
32.9788 	INFO 	Using renderer 'Apple M2' for graphics
32.9789 	INFO 	OpenGL version supported by driver is 2..
35.3109 	WARNING 	Instead of desired resolution of 800x600 pixels, screen is apparently 1600x1200 will base calculations off that.
35.3109 	INFO 	Screen resolution, which is also being used for calculations, is 1600 by 1200
38.9696 	INFO 	Successfully set darwin thread to realtime
40.3133 	INFO 	second window opening runInfo mean ms=18.066269779672563
40.3139 	INFO 	#[ PsychoPy3 RuntimeInfoStart ]
  #[[ PsychoPy ]] #---------
    psychopyVersion: 2026.1.2
    psychopyHaveExtRush: True
  #[[ Experiment ]] #---------
    experimentAuthVersion: None
    experimentAuthor: None
    experimentRunTime: 2026_05_05 17:06 (Year_Month_Day Hour:Min)
    experimentRunTime.epoch: 1777964798
    experimentScript: MOT_Varying_speed
    experimentScript.digestSHA1: 0bea264b66b454063caba9b534f89d84fee9c67d
    experimentScript.directory: /Users/bryanwong/Documents/GitHub/Honours-project
  #[[ System ]] #---------
    systemHaveInternetAccess: True
    systemHostName: Bryans-MacBook-Air.local
    systemLocale: en_US.UTF-8
    systemMemFreeRAM: 199.37109375
    systemMemTotalRAM: 8192.0
    systemPlatform: darwin 26.3.1 x86_64
    systemRavailable: R version 4.5.1 (2025-06-13) -- Great Square Root
    systemRebooted: Apr 7 10:54
    systemSec.OpenSSLVersion: LibreSSL 3.3.6
    systemSec.pythonSSL: True
    systemTimeNumpySD1000000_sec: 0.0275
    systemUser: bryanwong
    systemUserID: 501
    systemUserProcCmdPid: appstoreagent apfsd ipcserver com.apple.cloudphotosconfiguration managedappdistri kernelmanagerd perfpowerservice appleh13camerad com.apple.ambien 'microsoft outlook' usereventagent iconservicesd generalsettings feedbackd 'code helper' inboxupdaterd assetsubscriptio locationd runningboardd installcoordinat nsattributedstri wallpaperagent 'github desktop' oahd cloudphotod heard ampdevicediscoveryagent mediaremoteagent accessoryupdater wifiagent cloudd audioclocksyncd protectedcloudkeysyncing talagentd biomed installerauthagent zsh system_installd suggestd managedappdistributionagent com.apple.codesi applespell appssoagent containermetadataextractor safariwidgetextension widgetter 'keychain circle notification' messagesblastdoorservice uarpupdaterservi btleserveragent universalaccessd xprotectd com.apple.appleu universalcontrol kernel_task contactsd sirisuggestionsbookkeepingservice fontd git-remote-https kerneleventagent corerepaird iconservicesagent fseventsd progressd pboard intelligencecontextd imagent siriactionsd calendarwidgetextension taskgated gamepolicyd chronod cfprefsd containermanagerd 'spotify helper (renderer)' neagent notificationcenter softwareupdated amsengagementd replayd systemuiserver com.apple.safariplatformsupport.helper pluginlibraryservice assetcachelocatorservice iouiagent familycircled familysettings keybagd searchpartyd triald com.apple.quicklook.thumbnailsagent com.apple.hiservices-xpcservice notifyd nesessionmanager qlpreviewgenerationextension serviceextension vtdecoderxpcservice 'code helper (gpu)' rapportd mdnsresponder biometrickitd com.apple.cmio.v airplayxpchelper btleserver 'code helper (plugin)' amfid spindump sharedfilelistd mbuseragent coreauthd photolibraryd appleidsettings fontworker corespeechd_syst softwareupdatenotificationmanager photoanalysisd coreduetd airportd mobileactivation backupd-helper passwordbreachagent cloudtelemetryservice screentimeagent com.apple.clouddocs.iclouddrivefileprovider akd featureaccessagent powerd amsaccountsd accessibilityuiserver intelligenceflowd statuskitagent sharingd siriinferenced eapolclient siriknowledged secd 'github desktop helper' diskunmountwatcher identityservicesd securityd_system maild appstorecomponentsd syncdefaultsd eligibilityd windowserver inputanalyticsd assistantd submitdiaginfo imklaunchagent knowledge-agent autofsd contactsdonationagent audiomxd 'spotify helper' 'google chrome helper (renderer)' usbmuxd paperkitextension windowmanagercontrolsextension mtlcompilerservice scopedbookmarkagent sidecarrelay useractivityd symptomsd analyticsd adid corelocationagent poweruiagent triald_system cameracaptured systemsoundserve automountd weatherwidget coreservicesd uarpassetmanager universalaccessauthwarn com.apple.cmio.r intelligentroutingd 'system settings' intents_helper geodmachservicebridge dock lsd com.apple.appkit.xpc.openandsavepanelservice peopled ospredictiond launchd controlcenter online-auth-agen netbiosd usernoted com.apple.colorsyncxpcagent ovpnagent containermanager mapssyncd apsd controlcenterhelper suhelperd coreautha storeuid usernotificationsd timed biomeagent 'microsoft powerpoint' rtcreportingd mlhostd groupsessionservice loginwindow audiocomponentregistrar nsattributedstringagent 'microsoft word' pah_extension com.apple.audio. ecosystemd excelwidget_mac git colorsyncd avconferenced launchservicesd windowmanager icloudnotificationagent quicklookuiservice com.apple.access thermalmonitord networkserviceproxy com.apple.accessibility.mediaaccessibilityd coreaudiod searchpartyuseragent accountsd distnoted gamepolicyagent spotify extensionkitservice findmydevice-user-agent spotlightknowledged syspolicyd linkednotesuiservice wifianalyticsd colorsync.useragent wordwidget_mac uikitsystem com.apple.dock.extra ovpnhelper gamecontrolleragentd followupsettingsextension mediaanalysisd usermanagerd frauddefensed nrdupdated apppredictionintentshelperservice nsurlsessiond watchdogd filecoordination linkd modelmanagerd uvcassistant powerpointwidget_mac mdbulkimport updater mdwrite proactived wallpaperimageextension tccd 'google chrome helper' wallpaperlegacyextension proactiveeventtrackerd nehelper finder calendar assetcache commcenter cloudtelemetryse audioanalyticsd gamed itunescloudd deleted recentsd callservicesd diagnostics_agent pet corebrightnessd transparencyd logind autoupdate crashreportersup usagetrackingagent vpn logd_helper iouserbluetooths contentlinkingd mds_stores lockoutagent intelligenceplatformcomputeservice syslogd contextservice photosrelivewidget printcenterwidgetextension.macos wallpaperaerialsextension storagekitd textinputmenuagent authenticationservicesagent bird mds iomfb_bics_daemo appleeventsd donotdisturbd secinitd 'google chrome' pkd corespeechd hostinferencepro gamecontrollerd sandboxd spotlight com.apple.audio.sandboxhelper fileproviderd wifivelocityd airplayuiagent commerce coreservicesuiagent 'code helper (renderer)' trustd com.apple.nrd.up notes systemstatusd mdworker_shared logd businessservicesd displaysext remoted opendirectoryd icdd com.apple.hiserv assessmentagent powerchime liveactivitiesd nearbyd categoriesservice revisiond calaccessd headphonesettingsextension homed biomesyncd com.apple.geod textinputswitcher mobileassetd passd aned backupd contextstored com.apple.sbd securityd installd com.apple.webkit.networking keyboardservicesd csnameddatad followupd powerexperienced appleaccountd com.apple.safari.safebrowsing.service whatsapp cvmserver trustedpeershelper dasd mediaremoted tcim_extension viewbridgeauxiliary python3.10 classroomsettings routined deleted_helper fairplayd imdpersistenceagent mdnsresponderhel sysmond chrome_crashpad_handler cmfsyncagent 'github desktop helper (renderer)' cdpd wirelessradioman configd com.apple.driver continuitycaptureagent appssodaemon socketfilterfw com.apple.webkit.gpu generativeexperiencesd dataaccessd ecosystemanalyti smd ctkd corespotlightd findmydeviced gameoverlayui usernotificationcenter cursoruiviewservice com.apple.icloudhelper audioaccessoryd textthumbnailextension shortcutsviewservice replicatord dmd audiocomponentre wifip2pd contextstoreagent duetexpertd code ctkahp diskarbitrationd imautomatichistorydeletionagent modelcatalogagent geoanalyticsd systemstats findmylocateagent diskimagesiod colorsync.displa studentd bluetoothd unrealeditorservices swtransparencyd osanalyticshelpe authd
    systemUserProcCount: 516
    systemUserProcFlagged: SafariWidgetExtension 'Google Chrome' mds mds_stores 'Google Chrome Helper' 'Google Chrome Helper (Renderer)' mdworker_shared itunescloudd
    systemUsersCount: 1
  #[[ Window ]] #---------
    windowWinType: pyglet
    windowWaitBlanking: False
    windowUseNativeGamma: True
    windowUnits: deg
    windowSize_pix: [1600 1200]
    windowScreen: 0
    windowRgb: [-1 -1 -1]
    windowRefreshTimeSD_ms: 10.722
    windowRefreshTimeMedian_ms: 16.666
    windowRefreshTimeAvg_ms: 18.066
    windowRefreshThreshold_sec: 0.0204
    windowRecordFrameIntervals: False
    windowPos_pix: (335, 178)
    windowMonitor.name: testMonitor
    windowMonitor.getWidth_cm: 38.0
    windowMonitor.getLinearizeMethod: 1
    windowMonitor.getGammaGrid: [[ 0.  1.  1. nan nan nan]
 [ 0.  1.  1. nan nan nan]
 [ 0.  1.  1. nan nan nan]
 [ 0.  1.  1. nan nan nan]]
    windowMonitor.getDistance_cm: 57.0
    windowMonitor.gammaInterpolator2: None
    windowMonitor.gammaInterpolator: None
    windowMonitor.currentCalibName: 2026_03_13 11:10
    windowIsFullScr: False
    windowHaveShaders: True
    windowAllowGUI: False
  #[[ Python ]] #---------
    pythonWxVersion: 4.2.5 osx-cocoa (phoenix) wxWidgets 3.2.9
    pythonVersion: 3.10.18
    pythonScipyVersion: 1.14.1
    pythonPygletVersion: 1.5.27
    pythonPygameVersion: (no pygame)
    pythonNumpyVersion: 2.2.6
    pythonMatplotlibVersion: 3.10.8
    pythonFullVersion: 3.10.18 (main, Jun  5 2025, 08:13:51) [Clang 14.0.6 ]
    pythonExecutable: /opt/miniconda3/envs/psychopy_x86/bin/python
  #[[ OpenGL ]] #---------
    openGLmaxVerticesInVertexArray: 1048575
    False: openGLext.GL_STEREO
    True: openGLext.GL_EXT_framebuffer_object
    True: openGLext.GL_ARB_vertex_shader
    True: openGLext.GL_ARB_texture_non_power_of_two
    True: openGLext.GL_ARB_texture_float
    True: openGLext.GL_ARB_shader_objects
    True: openGLext.GL_ARB_multitexture
    True: openGLext.GL_ARB_fragment_program
    openGLVersion: 2.1 Metal - 90.5
    openGLVendor: Apple
    openGLRenderingEngine: Apple M2
#[ PsychoPy3 RuntimeInfoEnd ]

40.3237 	INFO 	gammaGrid=[[ 0.  1.  1. nan nan nan]
 [ 0.  1.  1. nan nan nan]
 [ 0.  1.  1. nan nan nan]
 [ 0.  1.  1. nan nan nan]]
40.3238 	INFO 	linearizeMethod=1
41.0616 	INFO 	Loaded psychtoolbox audio version 3.0.19.696976787
41.5805 	WARNING 	No default speaker specified in Preferences / Hardware, using first speaker found: WH-1000XM4
42.3885 	INFO 	Created stream for speaker device: WH-1000XM4 (2.0)
42.6492 	EXP 	: sampleRate = 44100
42.6497 	EXP 	: channels = None
42.7487 	WARNING 	No default speaker specified in Preferences / Hardware, using first speaker found: WH-1000XM4
42.7643 	INFO 	Created stream for speaker device: WH-1000XM4 (2.0)
43.0330 	EXP 	: sampleRate = 44100
43.0336 	EXP 	: channels = None
43.0536 	WARNING 	No default speaker specified in Preferences / Hardware, using first speaker found: WH-1000XM4
43.0658 	INFO 	Created stream for speaker device: WH-1000XM4 (2.0)
43.3309 	EXP 	: sampleRate = 44100
43.3310 	EXP 	: channels = None
43.3485 	WARNING 	No default speaker specified in Preferences / Hardware, using first speaker found: WH-1000XM4
43.3619 	INFO 	Created stream for speaker device: WH-1000XM4 (2.0)
43.6271 	EXP 	: sampleRate = 44100
43.6272 	EXP 	: channels = None
43.6512 	WARNING 	No default speaker specified in Preferences / Hardware, using first speaker found: WH-1000XM4
43.6697 	INFO 	Created stream for speaker device: WH-1000XM4 (2.0)
43.9318 	EXP 	: sampleRate = 44100
43.9321 	EXP 	: channels = None
43.9637 	EXP 	Created sequence: sequential, trialTypes=3, nReps=1, seed=None
44.8654 	INFO 	starting exp with name: "TemporalFrequencyLimit" at 05May2026_17-06
44.8657 	INFO 	numtrials=3, trialDurMin= 2 trackVariableIntervMax= 2.5refreshRate=100.0
44.8660 	INFO 	cueRampUpDur=0 cueRampDownDur= 0 secs
44.8660 	INFO 	task=track   respType=order
44.8822 	INFO 	ring radii=[6.]
44.8822 	INFO 	drawingAsGrating=False gratingTexPix=1024 antialiasGrating=False
trialnum=0 ERROR,267 frames were longer than 12.7 ms apparently screen refreshes skipped, interframe durs were:[17.8 36.4 30.  16.5 17.2 15.2 17.3 15.9 16.6 19.8 13.8 16.2 16.7 16.6
 17.1 16.1 16.7 16.7 17.7 15.7 19.6 14.1 18.7 31.3 16.2 16.7 16.8 16.6
 16.4 16.9 16.5 16.6 18.1 16.4 15.4 17.  16.9 16.2 16.8 16.5 16.8 16.5
 17.4 17.1 22.7 34.1 38.2 24.  66.4 13.6 17.3 16.3 21.2 28.4 16.9 16.5
 18.1 15.2 16.7 16.6 16.6 16.6 16.8 16.6 16.7 16.7 16.6 16.6 16.7 16.6
 16.7 16.6 16.7 16.6 16.7 16.7 16.8 16.5 16.6 18.6 14.9 16.5 16.8 16.7
 16.7 16.5 18.3 15.8 16.4 16.2 16.7 16.6 19.1 14.2 16.9 16.5 17.6 15.7
 16.8 16.5 20.8 20.6 12.8 16.6 16.7 19.4 14.  16.6 16.7 16.6 19.3 13.9
 21.5 21.5 19.7 19.9 15.8 16.6 16.7 16.6 16.6 22.1 16.7 16.7 16.6 16.7
 16.6 16.7 16.6 16.7 16.7 16.6 16.7 16.6 16.6 16.7 16.7 16.7 16.9 17.
 16.2 16.7 16.7 16.7 16.7 16.6 16.7 16.6 16.7 16.7 16.6 16.7 16.7 16.6
 16.7 16.7 16.6 16.7 16.6 16.6 16.7 16.7 16.7 16.6 16.7 16.7 16.8 16.7
 16.5 16.6 16.6 16.7 16.6 16.7 16.7 16.6 16.7 16.7 16.6 16.7 16.7 16.6
 16.7 16.7 16.7 16.6 16.7 16.9 16.4 16.7 16.7 16.7 16.7 16.7 16.6 16.7
 16.7 16.6 16.7 16.7 16.7 16.7 16.7 16.7 16.7 16.6 16.7 16.7 16.6 16.6
 16.7 16.7 16.7 16.6 17.8 15.5 16.7 16.7 16.7 16.7 16.7 16.6 16.7 16.7
 16.7 16.6 16.7 16.6 16.7 16.7 16.6 16.7 16.7 16.7 16.6 16.7 16.7 16.7
 16.6 16.7 16.7 16.6 16.7 16.6 16.7 16.7 16.6 16.7 16.7 16.7 16.7 16.7
 16.7 16.7 16.6 16.7 16.7 16.7 16.7 16.6 16.7 57.8 42.4 27.  15.7 21.1
 13.2] and was these frames: [  0   1   2   3   4   5   6   7   8   9  10  11  12  13  14  15  16  17
  18  19  20  21  22  23  24  25  26  27  28  29  30  31  32  33  34  35
  36  37  38  39  40  41  42  43  44  45  46  47  48  49  50  51  52  53
  54  55  56  57  58  59  60  61  62  63  64  65  66  67  68  69  70  71
  72  73  74  75  76  77  78  79  80  81  82  83  84  85  86  87  88  89
  90  91  92  93  94  95  96  97  98  99 100 102 103 104 105 106 107 108
 109 110 111 112 113 114 117 118 120 121 122 123 124 125 127 128 129 130
 131 132 133 134 135 136 137 138 139 140 141 142 143 144 145 146 147 148
 149 150 151 152 153 154 155 156 157 158 159 160 161 162 163 164 165 166
 167 168 169 170 171 172 173 174 175 176 177 178 179 180 181 182 183 184
 185 186 187 188 189 190 191 192 193 194 195 196 197 198 199 200 201 202
 203 204 205 206 207 208 209 210 211 212 213 214 215 216 217 218 219 220
 221 222 223 224 225 226 227 228 229 230 231 232 233 234 235 236 237 238
 239 240 241 242 243 244 245 246 247 248 249 250 251 252 253 254 255 256
 257 258 259 260 261 262 263 264 265 266 267 268 270 271 272]
44.9531 	EXP 	New trial (rep=0, index=0): {'basicShape': 'circle', 'numObjectsInRing': 2, 'speed': 0.1, 'initialDirRing0': -1, 'numTargets': 1, 'whichIsTargetEachRing': array([-999.]), 'ringToQuery': 999, 'conditionLabel': 'center', 'trajectoryCenterXDeg': 0.0, 'trajectoryCenterYDeg': 0.0}
51.5541 	ERROR 	Error in handleLineEditChange: inputFieldName=speed:, type=<class 'float'>, value=, error=could not convert string to float: ''
71.7222 	WARNING 	No default speaker specified in Preferences / Hardware, using first speaker found: WH-1000XM4
71.8086 	INFO 	Created stream for speaker device: WH-1000XM4 (2.0)
72.0660 	EXP 	: sampleRate = 44100
72.0661 	EXP 	: channels = None
73.3322 	DATA 	Mouse: Left button down, pos=(543,358)
73.3839 	DATA 	Mouse:  Left button up, pos=(543,357)
73.7651 	DATA 	Mouse: Left button down, pos=(514,354)
73.8556 	DATA 	Mouse:  Left button up, pos=(514,354)
trialnum=1 ERROR,285 frames were longer than 12.7 ms apparently screen refreshes skipped, interframe durs were:[16.7 16.7 16.7 16.7 16.7 16.6 16.7 16.6 16.7 16.7 16.7 16.6 16.7 16.7
 16.6 16.6 16.7 16.7 16.6 16.6 16.7 16.6 16.7 16.7 16.6 16.7 16.6 16.7
 16.6 16.7 16.7 16.7 16.7 16.6 16.7 16.7 16.7 16.7 17.9 15.5 16.6 16.7
 16.7 16.7 16.7 16.7 16.7 16.7 16.7 16.7 16.6 16.7 16.7 16.6 16.6 16.7
 16.7 16.7 16.6 16.7 16.8 16.6 16.6 16.7 16.7 16.8 16.6 16.6 16.6 16.7
 16.7 16.7 16.6 16.7 16.7 16.7 16.7 16.6 16.6 16.7 16.6 16.7 16.7 16.7
 16.7 16.7 16.6 16.7 16.6 16.7 16.7 16.7 16.7 16.6 16.7 16.6 16.7 16.6
 16.7 16.7 16.7 16.7 16.7 16.6 16.7 16.7 16.7 16.7 16.7 16.7 16.6 16.7
 16.7 16.6 16.7 18.1 15.2 16.7 16.7 17.  16.3 16.6 16.7 16.7 16.7 16.6
 16.7 16.7 16.6 16.7 16.6 16.7 16.7 16.6 16.7 16.7 16.7 16.7 16.7 16.7
 16.7 16.7 16.7 16.7 16.7 17.1 16.2 16.7 16.6 16.7 16.6 16.7 16.7 16.6
 16.7 16.7 16.7 16.6 16.7 16.7 16.7 16.6 17.1 16.3 16.6 16.7 16.7 16.6
 16.7 16.7 16.6 16.7 16.7 16.6 16.7 16.7 16.7 16.7 16.7 16.6 16.7 16.7
 16.6 16.7 16.7 16.7 16.6 16.7 16.7 16.7 16.7 16.7 16.6 16.7 16.7 16.6
 16.7 16.7 16.7 16.7 16.8 16.7 16.7 16.6 16.7 17.5 15.8 16.7 16.7 16.7
 16.7 16.7 16.7 16.7 16.9 16.5 16.6 16.6 16.8 16.6 16.6 16.7 16.6 16.7
 16.7 16.6 16.7 16.6 16.7 16.7 17.7 15.6 16.7 16.6 16.7 16.7 16.6 16.7
 16.6 16.7 16.6 16.7 16.7 16.6 16.7 16.6 16.7 16.6 16.7 18.6 38.1 60.
 22.4 15.3 34.9 17.8 16.  16.1 16.7 16.6 16.6 16.7 16.6 16.7 16.7 16.7
 16.7 16.6 16.7 16.7 16.6 16.7 16.6 16.7 16.7 16.8 16.5 16.7 16.6 16.7
 16.7 16.7 16.6 16.7 16.6] and was these frames: [  0   1   2   3   4   5   6   7   8   9  10  11  12  13  14  15  16  17
  18  19  20  21  22  23  24  25  26  27  28  29  30  31  32  33  34  35
  36  37  38  39  40  41  42  43  44  45  46  47  48  49  50  51  52  53
  54  55  56  57  58  59  60  61  62  63  64  65  66  67  68  69  70  71
  72  73  74  75  76  77  78  79  80  81  82  83  84  85  86  87  88  89
  90  91  92  93  94  95  96  97  98  99 100 101 102 103 104 105 106 107
 108 109 110 111 112 113 114 115 116 117 118 119 120 121 122 123 124 125
 126 127 128 129 130 131 132 133 134 135 136 137 138 139 140 141 142 143
 144 145 146 147 148 149 150 151 152 153 154 155 156 157 158 159 160 161
 162 163 164 165 166 167 168 169 170 171 172 173 174 175 176 177 178 179
 180 181 182 183 184 185 186 187 188 189 190 191 192 193 194 195 196 197
 198 199 200 201 202 203 204 205 206 207 208 209 210 211 212 213 214 215
 216 217 218 219 220 221 222 223 224 225 226 227 228 229 230 231 232 233
 234 235 236 237 238 239 240 241 242 243 244 245 246 247 248 249 250 251
 252 253 254 256 257 258 259 260 261 262 263 264 265 266 267 268 269 270
 271 272 273 274 275 276 277 278 279 280 281 282 283 284 285]
75.1404 	EXP 	New trial (rep=0, index=1): {'basicShape': 'circle', 'numObjectsInRing': 2, 'speed': 0.1, 'initialDirRing0': 1, 'numTargets': 1, 'whichIsTargetEachRing': array([-999.]), 'ringToQuery': 999, 'conditionLabel': 'near', 'trajectoryCenterXDeg': 5.0, 'trajectoryCenterYDeg': 0.0}
77.8728 	ERROR 	Error in handleLineEditChange: inputFieldName=speed:, type=<class 'float'>, value=, error=could not convert string to float: ''
86.8616 	WARNING 	No default speaker specified in Preferences / Hardware, using first speaker found: WH-1000XM4
86.9414 	INFO 	Created stream for speaker device: WH-1000XM4 (2.0)
87.2014 	EXP 	: sampleRate = 44100
87.2015 	EXP 	: channels = None
88.7106 	DATA 	Mouse: Left button down, pos=(474,428)
88.7725 	DATA 	Mouse:  Left button up, pos=(474,427)
trialnum=2 ERROR,240 frames were longer than 12.7 ms apparently screen refreshes skipped, interframe durs were:[16.7 16.6 16.7 16.7 16.6 16.7 16.8 16.7 16.6 16.6 16.7 16.6 16.7 16.7
 16.7 16.7 16.6 16.7 16.7 16.7 16.6 16.7 16.6 16.7 16.8 16.6 16.7 16.7
 16.6 16.7 16.6 16.7 16.7 16.7 16.6 16.6 16.7 16.7 16.7 16.7 16.6 16.7
 16.6 16.6 16.7 16.7 16.7 16.7 16.7 16.7 16.7 16.6 16.7 16.6 16.7 16.7
 16.7 16.6 16.7 16.7 16.6 16.7 16.7 16.7 16.7 16.7 16.7 16.6 16.7 16.7
 16.7 16.7 16.7 16.7 16.7 16.7 16.7 16.6 16.6 16.7 16.7 16.6 16.7 16.7
 16.7 16.7 16.6 16.7 16.6 16.6 16.7 16.6 16.7 16.7 16.6 16.7 16.7 16.7
 16.7 16.7 16.6 16.7 16.7 16.7 16.6 16.9 16.5 16.6 16.7 16.7 16.6 16.7
 16.6 16.6 16.7 16.7 16.7 16.6 16.7 16.7 16.7 16.7 16.6 16.7 16.6 16.8
 16.7 16.7 16.7 16.7 16.8 16.5 17.  16.3 16.7 16.7 16.7 16.6 16.7 16.7
 16.6 16.7 16.6 16.7 16.7 16.7 16.7 16.7 16.7 16.6 16.7 16.7 16.6 16.7
 16.7 16.6 16.7 16.7 16.7 16.7 16.7 16.6 16.7 16.7 16.7 16.7 16.6 16.7
 16.6 16.7 16.7 16.6 16.7 16.6 16.6 16.7 16.6 16.7 16.6 16.7 16.6 16.7
 16.7 16.7 16.7 16.7 16.7 16.6 16.7 16.7 16.7 16.7 16.6 16.7 17.6 15.8
 16.7 16.7 16.6 16.7 16.7 16.7 16.7 16.7 16.7 16.7 17.  16.3 16.7 16.7
 16.7 16.7 16.7 16.7 16.7 16.6 16.7 16.6 16.7 16.7 16.6 16.6 16.7 16.7
 16.7 16.7 16.7 16.7 16.7 16.7 16.6 16.7 16.7 16.7 16.6 16.7 16.7 16.7
 16.6 16.7] and was these frames: [  0   1   2   3   4   5   6   7   8   9  10  11  12  13  14  15  16  17
  18  19  20  21  22  23  24  25  26  27  28  29  30  31  32  33  34  35
  36  37  38  39  40  41  42  43  44  45  46  47  48  49  50  51  52  53
  54  55  56  57  58  59  60  61  62  63  64  65  66  67  68  69  70  71
  72  73  74  75  76  77  78  79  80  81  82  83  84  85  86  87  88  89
  90  91  92  93  94  95  96  97  98  99 100 101 102 103 104 105 106 107
 108 109 110 111 112 113 114 115 116 117 118 119 120 121 122 123 124 125
 126 127 128 129 130 131 132 133 134 135 136 137 138 139 140 141 142 143
 144 145 146 147 148 149 150 151 152 153 154 155 156 157 158 159 160 161
 162 163 164 165 166 167 168 169 170 171 172 173 174 175 176 177 178 179
 180 181 182 183 184 185 186 187 188 189 190 191 192 193 194 195 196 197
 198 199 200 201 202 203 204 205 206 207 208 209 210 211 212 213 214 215
 216 217 218 219 220 221 222 223 224 225 226 227 228 229 230 231 232 233
 234 235 236 237 238 239]
89.3879 	DATA 	Mouse: Left button down, pos=(475,425)
89.4976 	DATA 	Mouse:  Left button up, pos=(475,425)
90.0397 	EXP 	New trial (rep=0, index=2): {'basicShape': 'circle', 'numObjectsInRing': 2, 'speed': 0.1, 'initialDirRing0': -1, 'numTargets': 1, 'whichIsTargetEachRing': array([-999.]), 'ringToQuery': 999, 'conditionLabel': 'far', 'trajectoryCenterXDeg': 10.0, 'trajectoryCenterYDeg': 0.0}
92.2130 	ERROR 	Error in handleLineEditChange: inputFieldName=speed:, type=<class 'float'>, value=, error=could not convert string to float: ''
95.1246 	DATA 	Keypress: return
101.2332 	WARNING 	No default speaker specified in Preferences / Hardware, using first speaker found: WH-1000XM4
101.2512 	INFO 	Created stream for speaker device: WH-1000XM4 (2.0)
101.5133 	EXP 	: sampleRate = 44100
101.5135 	EXP 	: channels = None
103.2679 	DATA 	Mouse: Left button down, pos=(666,186)
103.3455 	DATA 	Mouse:  Left button up, pos=(666,186)
104.6871 	INFO 	Finishing now, at 05May2026_17-06
104.6875 	INFO 	Didnt try to eyetrack because "eyetracking" was set to False
